// Jest Snapshot v1, https://goo.gl/fbAQLP

exports[`Detail.vue has the expected html structure 1`] = `
<div
  class="sidebar"
>
  <div
    class="actions"
    id="detail"
  >
    <img
      id="detail_img"
      src="http://localhost:3000/image-service/50b5e49b-ade7-4278-8265-4f72081f26a5/full/400,/0/default.jpg"
    />
  </div>
</div>
`;
