// Jest Snapshot v1, https://goo.gl/fbAQLP

exports[`FilesetsForm.vue has the expected html structure 1`] = `
<div>
  <h2>
    Generate Labels 
    <small>
      for selected items
    </small>
  </h2>
   
  <form
    class="formContent"
  >
    <div
      class="row"
    >
      <div
        class="form-group"
      >
        <label
          class="control-label"
          for="unitLabel"
        >
          Unit Label
        </label>
         
        <input
          class="form-control"
          id="unitLabel"
          name="unitLabel"
          placeholder="p."
          type="text"
          value=""
        />
      </div>
       
      <div
        class="form-group"
      >
        <label
          class="control-label"
          for="startNum"
        >
          Starting Numeral
        </label>
         
        <input
          class="form-control"
          id="startNum"
          name="startNum"
          placeholder="10"
          type="text"
          value=""
        />
      </div>
       
      <div
        class="form-group"
      >
        <div
          class="checkbox"
        >
          <label>
            <input
              id="addBrackets"
              name="addBrackets"
              type="checkbox"
              value=""
            />
             
            <label
              for="addBrackets"
            >
              Add Brackets
            </label>
          </label>
        </div>
      </div>
    </div>
     
    <div
      class="row"
    >
      <div
        class="form-group"
      >
        <label
          class="control-label"
          for="labelMethod"
        >
          Labeling Method
        </label>
         
        <select
          class="form-control"
          id="labelMethod"
        >
          <option
            value="paginate"
          >
            Paginate (Default)
          </option>
           
          <option
            value="foliate"
          >
            Foliate
          </option>
        </select>
      </div>
    </div>
     
    <!---->
  </form>
</div>
`;
