// Vitest Snapshot v1, https://vitest.dev/guide/snapshot.html

exports[`OrderManager.vue > has the expected html structure 1`] = `
<div
  class="lux-orderManager"
>
  <transition-stub
    appear="false"
    css="true"
    name="fade"
    persisted="false"
  >
    <div
      class="lux-overlay"
    >
      <lux-loader-stub
        size="medium"
      />
    </div>
  </transition-stub>
  <!--v-if-->
  <!--v-if-->
  <lux-wrapper
    class="lux-galleryPanel"
    full-width="false"
    type="div"
  >
    <toolbar-stub
      type="div"
    />
    <!--v-if-->
    <gallery-stub
      cardpixelwidth="300"
      class="lux-galleryWrapper"
      galleryitems="[object Object],[object Object],[object Object]"
    />
  </lux-wrapper>
  <lux-wrapper
    class="lux-sidePanel"
    full-width="false"
    type="div"
  >
    <!-- Resource Form-->
    <!--v-if-->
    <!-- Multiple Selected Form-->
    <!--v-if-->
    <!-- Single Selected Form-->
    <fileset-form-stub
      type="div"
    />
    <controls-stub
      type="div"
      viewerid="viewer"
    />
  </lux-wrapper>
</div>
`;
