// Vitest Snapshot v1, https://vitest.dev/guide/snapshot.html

exports[`OrderManagerToolbar.vue > has the expected html structure 1`] = `
<div
  class="lux-toolbar"
  data-v-5c9142c7=""
>
  <lux-dropdown-menu
    button-label="Selection Options"
    data-v-5c9142c7=""
    menu-items="[object Object],[object Object],[object Object],[object Object]"
  />
  <lux-dropdown-menu
    button-label="With Selected..."
    data-v-5c9142c7=""
    menu-items="[object Object],[object Object],[object Object]"
  />
  <lux-spacer
    data-v-5c9142c7=""
  />
  <div
    class="lux-zoom-slider"
    data-v-5c9142c7=""
  >
    <lux-icon-base-stub
      class="lux-svg-icon"
      data-v-5c9142c7=""
      height="12"
      icon-color="rgb(0,0,0)"
      icon-name="shrink"
      width="12"
    />
    <label
      data-v-5c9142c7=""
      for="img_zoom"
    >
       Image zoom 
    </label>
    <input
      data-v-5c9142c7=""
      id="img_zoom"
      max="500"
      min="40"
      type="range"
    />
    <lux-icon-base-stub
      class="lux-svg-icon"
      data-v-5c9142c7=""
      height="24"
      icon-color="rgb(0,0,0)"
      icon-name="grow"
      width="24"
    />
  </div>
</div>
`;
