// Jest Snapshot v1, https://goo.gl/fbAQLP

exports[`OrderManagerToolbar.vue has the expected html structure 1`] = `
<div
  class="lux-toolbar"
>
  <dropdown-menu-stub
    align="left"
    buttonlabel="Selection Options"
    element="div"
    menuitems="[object Object],[object Object],[object Object],[object Object]"
    size="medium"
    type="buttons"
  />
   
  <dropdown-menu-stub
    align="left"
    buttonlabel="With Selected..."
    element="div"
    menuitems="[object Object],[object Object],[object Object]"
    size="medium"
    type="buttons"
  />
   
  <spacer-stub
    type="div"
  />
   
  <div
    class="lux-zoom-slider"
  >
    <lux-icon-base-stub
      class="lux-svg-icon"
      height="12"
      iconcolor="rgb(0,0,0)"
      iconname="shrink"
      width="12"
    >
      <lux-icon-picture-stub />
    </lux-icon-base-stub>
     
    <label
      for="img_zoom"
    >
      
      Image zoom
    
    </label>
     
    <input
      id="img_zoom"
      max="500"
      min="40"
      type="range"
      value="300"
    />
     
    <lux-icon-base-stub
      class="lux-svg-icon"
      height="24"
      iconcolor="rgb(0,0,0)"
      iconname="grow"
      width="24"
    >
      <lux-icon-picture-stub />
    </lux-icon-base-stub>
  </div>
</div>
`;
