// Jest Snapshot v1, https://goo.gl/fbAQLP

exports[`OrderManagerResourceForm.vue has the expected html structure 1`] = `
<div>
  <heading-stub
    level="h2"
    size="h1"
  >
    
      Set Properties 
    <small
      class="text-muted"
    >
      
        for this 
      <!---->
       resource
      
    </small>
  </heading-stub>
   
  <span
    class="lux-file_count"
  >
    <text-style-stub
      type="p"
      variation="emphasis"
    >
      
        Total files: 3
      
    </text-style-stub>
     
    <!---->
  </span>
   
  <span
    class="lux-bibid"
  >
    
      | BibId: 4609321
    
  </span>
   
  <form
    id="app"
    novalidate="novalidate"
  >
    <input-radio-stub
      errormessage=""
      grouplabel="Viewing Direction"
      id="viewDir"
      options="[object Object],[object Object],[object Object],[object Object]"
      vertical="true"
    />
     
    <input-radio-stub
      errormessage=""
      grouplabel="Viewing Hint"
      id="viewHint"
      options="[object Object],[object Object],[object Object]"
      vertical="true"
    />
  </form>
</div>
`;
