// Jest Snapshot v1, https://goo.gl/fbAQLP

exports[`OrderManagerControls.vue has the expected html structure 1`] = `
<wrapper-stub
  class="lux-bg"
  horizontal=""
  maxwidth="1170"
  type="div"
>
  <div
    class="lux-controls"
  >
    <!---->
     
    <input-button-stub
      disabled="true"
      icon=""
      id="save_btn"
      size="medium"
      type=""
      variation="solid"
    >
      
      Apply Changes
    
    </input-button-stub>
     
    <!---->
  </div>
   
  <heading-stub
    level="h2"
    size="h1"
  >
    
    Zoom 
    <small>
      on the selected item
    </small>
  </heading-stub>
   
  <div
    class="lux-osd-wrapper"
  >
    <div
      class="lux-osd"
    >
      <div
        class="lux-viewport"
        id="viewer"
      />
    </div>
  </div>
</wrapper-stub>
`;
