// Vitest Snapshot v1, https://vitest.dev/guide/snapshot.html

exports[`OrderManagerFilesetForm.vue > has the expected html structure 1`] = `
<div
  data-v-09416229=""
>
  <heading-stub
    data-v-09416229=""
    level="h2"
    size="h1"
  >
     Edit 
    <small
      class="text-muted"
      data-v-09416229=""
    >
      the selected item
    </small>
  </heading-stub>
  <form
    data-v-09416229=""
    id="app"
    novalidate="novalidate"
  >
    <input-text-stub
      data-v-09416229=""
      errormessage=""
      helper=""
      icon=""
      id="itemLabel"
      label="Label"
      maxlength="256"
      name="itemLabel"
      placeholder="e.g., example.tif"
      rows="5"
      size="medium"
      type="text"
      value=""
      width="auto"
      wrapper="div"
    />
    <input-select-stub
      data-v-09416229=""
      errormessage=""
      id="pageType"
      label="Page Type"
      name="pageType"
      options="[object Object],[object Object],[object Object]"
      size="medium"
      value="single"
      width="auto"
      wrapper="div"
    />
    <input-checkbox-stub
      data-v-09416229=""
      errormessage=""
      grouplabel=""
      id="startCanvasCheckbox"
      label=""
      options="[object Object]"
    />
    <input-checkbox-stub
      data-v-09416229=""
      errormessage=""
      grouplabel=""
      id="thumbnailCheckbox"
      label=""
      options="[object Object]"
    />
  </form>
</div>
`;
