// Jest Snapshot v1, https://goo.gl/fbAQLP

exports[`OrderManagerFilesetForm.vue has the expected html structure 1`] = `
<div>
  <heading-stub
    level="h2"
    size="h1"
  >
    
    Edit 
    <small
      class="text-muted"
    >
      the selected item
    </small>
  </heading-stub>
   
  <form
    id="app"
    novalidate="novalidate"
  >
    <input-text-stub
      errormessage=""
      helper=""
      icon=""
      id="itemLabel"
      label="Label"
      maxlength="256"
      name="itemLabel"
      placeholder="e.g., example.tif"
      rows="5"
      size="medium"
      type="text"
      value=""
      width="auto"
      wrapper="div"
    />
     
    <input-select-stub
      errormessage=""
      id="pageType"
      label="Page Type"
      name="pageType"
      options="[object Object],[object Object],[object Object]"
      size="medium"
      value="single"
      width="auto"
      wrapper="div"
    />
     
    <input-checkbox-stub
      errormessage=""
      grouplabel=""
      id="startCanvasCheckbox"
      label=""
      options="[object Object]"
    />
     
    <input-checkbox-stub
      errormessage=""
      grouplabel=""
      id="thumbnailCheckbox"
      label=""
      options="[object Object]"
    />
  </form>
</div>
`;
