// Jest Snapshot v1, https://goo.gl/fbAQLP

exports[`ResourceForm.vue has the expected html structure 1`] = `
<div>
  <h2>
    Set Properties 
    <small>
      for this 
      <!---->
       resource
    </small>
  </h2>
   
  <div
    class="row"
  >
    <p>
      <span
        class="file_count"
      >
        Total files: 2
      </span>
      <span
        class="bibid"
      >
         | BibId: 4609321
      </span>
    </p>
     
    <div
      class="form-group col-md-6"
    >
      <fieldset>
        <legend>
          Viewing Direction
        </legend>
         
        <div>
          <div
            class="radio"
          >
            <label>
              <input
                class="viewDirInput"
                name="viewDir"
                type="radio"
                value="left-to-right"
              />
              
              left-to-right
            
            </label>
          </div>
        </div>
        <div>
          <div
            class="radio"
          >
            <label>
              <input
                class="viewDirInput"
                name="viewDir"
                type="radio"
                value="right-to-left"
              />
              
              right-to-left
            
            </label>
          </div>
        </div>
        <div>
          <div
            class="radio"
          >
            <label>
              <input
                class="viewDirInput"
                name="viewDir"
                type="radio"
                value="top-to-bottom"
              />
              
              top-to-bottom
            
            </label>
          </div>
        </div>
        <div>
          <div
            class="radio"
          >
            <label>
              <input
                class="viewDirInput"
                name="viewDir"
                type="radio"
                value="bottom-to-top"
              />
              
              bottom-to-top
            
            </label>
          </div>
        </div>
      </fieldset>
    </div>
     
    <div
      class="form-group col-md-6"
    >
      <fieldset>
        <legend>
          Viewing Hint
        </legend>
         
        <div>
          <div
            class="radio"
          >
            <label>
              <input
                class="viewHintInput"
                name="viewHint"
                type="radio"
                value="individuals"
              />
              
              individuals
            
            </label>
          </div>
        </div>
        <div>
          <div
            class="radio"
          >
            <label>
              <input
                class="viewHintInput"
                name="viewHint"
                type="radio"
                value="paged"
              />
              
              paged
            
            </label>
          </div>
        </div>
        <div>
          <div
            class="radio"
          >
            <label>
              <input
                class="viewHintInput"
                name="viewHint"
                type="radio"
                value="continuous"
              />
              
              continuous
            
            </label>
          </div>
        </div>
      </fieldset>
    </div>
  </div>
</div>
`;
